loading prepared dataset from checkpoint/prepared.json
model has 5,474,389 parameters, 38376 training sequences
epoch   1  beta 0.397  recon  48.433  kl  14.68  val recon  49.183  val acc 0.229  active 32/32  112.7s
epoch   2  beta 0.500  recon  46.041  kl   5.60  val recon  49.087  val acc 0.241  active 32/32  113.5s
epoch   3  beta 0.197  recon  42.874  kl  13.46  val recon  45.903  val acc 0.265  active 32/32  113.6s
epoch   4  beta 0.500  recon  41.248  kl   8.80  val recon  46.538  val acc 0.275  active 32/32  110.4s
epoch   5  beta 0.500  recon  40.578  kl   6.92  val recon  45.849  val acc 0.288  active 32/32  111.5s
epoch   6  beta 0.397  recon  37.316  kl  16.21  val recon  44.238  val acc 0.306  active 32/32  110.5s
epoch   7  beta 0.500  recon  37.806  kl   8.08  val recon  44.257  val acc 0.312  active 32/32  112.1s
epoch   8  beta 0.197  recon  36.021  kl  13.18  val recon  42.624  val acc 0.325  active 32/32  113.3s
epoch   9  beta 0.500  recon  35.539  kl  10.66  val recon  43.275  val acc 0.322  active 32/32  112.1s
epoch  10  beta 0.500  recon  36.032  kl   8.48  val recon  43.345  val acc 0.322  active 32/32  113.1s
wrote metadata stub to checkpoint/model.json
best validation objective 51.891, checkpoint in checkpoint
fitted aggregate posterior over 20000 sequences
loading prepared dataset from checkpoint/prepared.json
model has 5,474,389 parameters, 38376 training sequences
epoch   1  beta 0.033  recon  45.879  kl  65.36  val recon  46.283  val acc 0.239  active 32/32  81.9s
epoch   2  beta 0.066  recon  40.705  kl  34.82  val recon  43.483  val acc 0.291  active 32/32  82.0s
epoch   3  beta 0.100  recon  36.909  kl  32.44  val recon  40.214  val acc 0.347  active 32/32  81.4s
epoch   4  beta 0.133  recon  33.803  kl  31.72  val recon  37.636  val acc 0.390  active 32/32  79.1s
epoch   5  beta 0.166  recon  31.903  kl  30.29  val recon  36.384  val acc 0.413  active 32/32  78.5s
epoch   6  beta 0.200  recon  30.700  kl  28.71  val recon  35.339  val acc 0.433  active 32/32  78.4s
epoch   7  beta 0.233  recon  29.864  kl  27.27  val recon  34.942  val acc 0.441  active 32/32  78.2s
epoch   8  beta 0.266  recon  29.223  kl  25.70  val recon  34.183  val acc 0.453  active 32/32  78.5s
epoch   9  beta 0.300  recon  28.839  kl  24.51  val recon  34.388  val acc 0.453  active 32/32  79.2s
epoch  10  beta 0.333  recon  28.638  kl  23.14  val recon  33.956  val acc 0.457  active 32/32  79.5s
epoch  11  beta 0.366  recon  28.410  kl  22.00  val recon  34.053  val acc 0.461  active 32/32  79.2s
epoch  12  beta 0.400  recon  28.358  kl  20.92  val recon  33.957  val acc 0.465  active 32/32  79.9s
epoch  13  beta 0.433  recon  28.430  kl  19.86  val recon  34.334  val acc 0.454  active 32/32  79.8s
epoch  14  beta 0.466  recon  28.288  kl  18.82  val recon  34.431  val acc 0.462  active 32/32  78.6s
epoch  15  beta 0.500  recon  28.486  kl  17.90  val recon  34.679  val acc 0.459  active 32/32  88.6s
epoch  16  beta 0.500  recon  28.337  kl  17.35  val recon  35.301  val acc 0.458  active 32/32  112.4s
epoch  17  beta 0.500  recon  28.032  kl  17.27  val recon  34.766  val acc 0.463  active 32/32  114.7s
epoch  18  beta 0.500  recon  27.715  kl  17.24  val recon  34.881  val acc 0.460  active 32/32  113.5s
epoch  19  beta 0.500  recon  27.396  kl  17.22  val recon  35.179  val acc 0.462  active 32/32  111.2s
epoch  20  beta 0.500  recon  27.055  kl  17.25  val recon  34.490  val acc 0.468  active 32/32  111.8s
epoch  21  beta 0.500  recon  26.887  kl  17.30  val recon  34.402  val acc 0.469  active 32/32  110.4s
epoch  22  beta 0.500  recon  26.417  kl  17.36  val recon  34.422  val acc 0.469  active 32/32  112.0s
epoch  23  beta 0.500  recon  26.135  kl  17.36  val recon  34.796  val acc 0.470  active 32/32  112.7s
epoch  24  beta 0.500  recon  25.822  kl  17.43  val recon  34.694  val acc 0.469  active 32/32  112.7s
epoch  25  beta 0.500  recon  25.680  kl  17.46  val recon  34.864  val acc 0.468  active 32/32  108.0s
epoch  26  beta 0.500  recon  25.324  kl  17.46  val recon  34.881  val acc 0.472  active 32/32  79.2s
epoch  27  beta 0.500  recon  25.083  kl  17.52  val recon  34.688  val acc 0.469  active 32/32  79.2s
epoch  28  beta 0.500  recon  24.804  kl  17.54  val recon  35.020  val acc 0.470  active 32/32  79.8s
epoch  29  beta 0.500  recon  24.537  kl  17.56  val recon  34.657  val acc 0.477  active 32/32  79.0s
epoch  30  beta 0.500  recon  24.338  kl  17.62  val recon  34.803  val acc 0.472  active 32/32  79.7s
epoch  31  beta 0.033  recon  18.702  kl  72.51  val recon  32.875  val acc 0.504  active 32/32  111.4s
epoch  32  beta 0.066  recon  17.980  kl  47.31  val recon  32.965  val acc 0.509  active 32/32  81.7s
epoch  33  beta 0.100  recon  17.749  kl  41.38  val recon  33.234  val acc 0.508  active 32/32  79.2s
epoch  34  beta 0.133  recon  17.781  kl  37.46  val recon  32.838  val acc 0.512  active 32/32  79.4s
epoch  35  beta 0.166  recon  17.775  kl  34.62  val recon  33.388  val acc 0.511  active 32/32  79.5s
epoch  36  beta 0.200  recon  17.937  kl  32.43  val recon  33.519  val acc 0.509  active 32/32  81.7s
epoch  37  beta 0.233  recon  18.059  kl  30.55  val recon  33.470  val acc 0.508  active 32/32  92.9s
epoch  38  beta 0.266  recon  18.145  kl  28.83  val recon  34.606  val acc 0.503  active 32/32  109.7s
epoch  39  beta 0.300  recon  18.381  kl  27.38  val recon  34.172  val acc 0.506  active 32/32  110.5s
epoch  40  beta 0.333  recon  18.532  kl  26.10  val recon  34.601  val acc 0.503  active 32/32  107.7s
epoch  41  beta 0.366  recon  18.825  kl  24.93  val recon  34.568  val acc 0.502  active 32/32  110.9s
epoch  42  beta 0.400  recon  19.000  kl  23.79  val recon  34.467  val acc 0.501  active 32/32  109.9s
epoch  43  beta 0.433  recon  19.241  kl  22.77  val recon  34.729  val acc 0.499  active 32/32  110.0s
epoch  44  beta 0.466  recon  19.581  kl  21.84  val recon  35.043  val acc 0.494  active 32/32  107.5s
epoch  45  beta 0.500  recon  19.734  kl  20.91  val recon  34.787  val acc 0.493  active 32/32  108.5s
epoch  46  beta 0.500  recon  19.874  kl  20.37  val recon  35.457  val acc 0.496  active 32/32  106.7s
epoch  47  beta 0.500  recon  19.710  kl  20.24  val recon  35.699  val acc 0.489  active 32/32  93.3s
epoch  48  beta 0.500  recon  19.650  kl  20.18  val recon  35.537  val acc 0.495  active 32/32  78.7s
epoch  49  beta 0.500  recon  19.584  kl  20.07  val recon  35.393  val acc 0.495  active 32/32  78.6s
epoch  50  beta 0.500  recon  19.404  kl  20.02  val recon  35.350  val acc 0.493  active 32/32  78.6s
epoch  51  beta 0.500  recon  19.307  kl  20.07  val recon  35.311  val acc 0.494  active 32/32  78.4s
epoch  52  beta 0.500  recon  19.214  kl  20.06  val recon  36.221  val acc 0.492  active 32/32  78.6s
epoch  53  beta 0.500  recon  19.030  kl  19.96  val recon  36.028  val acc 0.495  active 32/32  78.6s
epoch  54  beta 0.500  recon  18.930  kl  19.95  val recon  36.242  val acc 0.493  active 32/32  79.4s
epoch  55  beta 0.500  recon  18.714  kl  19.97  val recon  35.803  val acc 0.494  active 32/32  79.0s
epoch  56  beta 0.500  recon  18.649  kl  19.92  val recon  35.692  val acc 0.493  active 32/32  80.9s
epoch  57  beta 0.500  recon  18.503  kl  19.95  val recon  36.129  val acc 0.495  active 32/32  79.9s
epoch  58  beta 0.500  recon  18.350  kl  19.92  val recon  36.331  val acc 0.495  active 32/32  79.6s
epoch  59  beta 0.500  recon  18.166  kl  19.92  val recon  36.481  val acc 0.496  active 32/32  79.9s
epoch  60  beta 0.500  recon  18.057  kl  19.94  val recon  36.718  val acc 0.495  active 32/32  79.9s
epoch  61  beta 0.033  recon  13.109  kl  66.66  val recon  35.651  val acc 0.517  active 32/32  79.3s
epoch  62  beta 0.066  recon  12.727  kl  46.45  val recon  36.192  val acc 0.520  active 32/32  79.1s
epoch  63  beta 0.100  recon  12.736  kl  40.68  val recon  37.456  val acc 0.518  active 32/32  79.7s
epoch  64  beta 0.133  recon  12.816  kl  37.05  val recon  37.033  val acc 0.516  active 32/32  79.0s
epoch  65  beta 0.166  recon  12.954  kl  34.58  val recon  37.541  val acc 0.516  active 32/32  79.0s
epoch  66  beta 0.200  recon  13.154  kl  32.45  val recon  37.667  val acc 0.516  active 32/32  79.7s
epoch  67  beta 0.233  recon  13.334  kl  30.65  val recon  37.922  val acc 0.515  active 32/32  79.6s
epoch  68  beta 0.266  recon  13.535  kl  29.22  val recon  37.828  val acc 0.512  active 32/32  79.6s
epoch  69  beta 0.300  recon  13.787  kl  27.89  val recon  38.151  val acc 0.510  active 32/32  80.6s
epoch  70  beta 0.333  recon  13.978  kl  26.70  val recon  38.301  val acc 0.508  active 32/32  81.3s
epoch  71  beta 0.366  recon  14.179  kl  25.74  val recon  38.601  val acc 0.508  active 32/32  80.3s
epoch  72  beta 0.400  recon  14.431  kl  24.68  val recon  38.523  val acc 0.505  active 32/32  81.1s
epoch  73  beta 0.433  recon  14.677  kl  23.85  val recon  38.464  val acc 0.506  active 32/32  82.9s
epoch  74  beta 0.466  recon  14.940  kl  22.95  val recon  38.807  val acc 0.503  active 32/32  87.3s
epoch  75  beta 0.500  recon  15.170  kl  22.11  val recon  38.750  val acc 0.502  active 32/32  80.8s
epoch  76  beta 0.500  recon  15.330  kl  21.68  val recon  38.508  val acc 0.502  active 32/32  79.7s
epoch  77  beta 0.500  recon  15.254  kl  21.54  val recon  38.954  val acc 0.501  active 32/32  79.4s
epoch  78  beta 0.500  recon  15.228  kl  21.40  val recon  39.166  val acc 0.500  active 32/32  80.9s
epoch  79  beta 0.500  recon  15.189  kl  21.36  val recon  38.694  val acc 0.500  active 32/32  80.6s
epoch  80  beta 0.500  recon  15.125  kl  21.29  val recon  39.103  val acc 0.500  active 32/32  81.2s
epoch  81  beta 0.500  recon  15.054  kl  21.24  val recon  39.095  val acc 0.501  active 32/32  80.9s
epoch  82  beta 0.500  recon  14.985  kl  21.18  val recon  39.063  val acc 0.500  active 32/32  81.1s
epoch  83  beta 0.500  recon  14.888  kl  21.16  val recon  38.816  val acc 0.500  active 32/32  102.6s
epoch  84  beta 0.500  recon  14.820  kl  21.08  val recon  39.274  val acc 0.499  active 32/32  125.0s
epoch  85  beta 0.500  recon  14.760  kl  21.07  val recon  39.157  val acc 0.501  active 32/32  113.5s
epoch  86  beta 0.500  recon  14.668  kl  21.02  val recon  39.700  val acc 0.500  active 32/32  112.4s
epoch  87  beta 0.500  recon  14.605  kl  21.03  val recon  39.701  val acc 0.501  active 32/32  110.8s
epoch  88  beta 0.500  recon  14.550  kl  20.98  val recon  39.275  val acc 0.499  active 32/32  109.2s
epoch  89  beta 0.500  recon  14.446  kl  21.01  val recon  39.807  val acc 0.499  active 32/32  111.3s
epoch  90  beta 0.500  recon  14.408  kl  20.95  val recon  39.792  val acc 0.499  active 32/32  111.9s
epoch  91  beta 0.033  recon  10.069  kl  56.47  val recon  39.470  val acc 0.512  active 32/32  112.0s
epoch  92  beta 0.066  recon   9.835  kl  45.03  val recon  40.080  val acc 0.516  active 32/32  108.7s
epoch  93  beta 0.100  recon  10.009  kl  39.04  val recon  40.176  val acc 0.516  active 32/32  108.4s
epoch  94  beta 0.133  recon  10.205  kl  35.63  val recon  40.716  val acc 0.515  active 32/32  108.7s
epoch  95  beta 0.166  recon  10.409  kl  33.22  val recon  40.496  val acc 0.515  active 32/32  109.4s
epoch  96  beta 0.200  recon  10.619  kl  31.41  val recon  41.163  val acc 0.513  active 32/32  110.1s
epoch  97  beta 0.233  recon  10.882  kl  29.90  val recon  41.240  val acc 0.512  active 32/32  111.2s
epoch  98  beta 0.266  recon  11.118  kl  28.55  val recon  41.074  val acc 0.512  active 32/32  109.6s
epoch  99  beta 0.300  recon  11.388  kl  27.45  val recon  41.610  val acc 0.511  active 32/32  111.4s
epoch 100  beta 0.333  recon  11.593  kl  26.41  val recon  41.254  val acc 0.511  active 32/32  114.4s
epoch 101  beta 0.366  recon  11.841  kl  25.55  val recon  41.694  val acc 0.510  active 32/32  109.7s
epoch 102  beta 0.400  recon  12.107  kl  24.77  val recon  41.466  val acc 0.508  active 32/32  112.5s
epoch 103  beta 0.433  recon  12.305  kl  23.99  val recon  41.654  val acc 0.507  active 32/32  109.5s
epoch 104  beta 0.466  recon  12.607  kl  23.30  val recon  41.744  val acc 0.505  active 32/32  109.7s
epoch 105  beta 0.500  recon  12.819  kl  22.68  val recon  41.394  val acc 0.506  active 32/32  108.7s
epoch 106  beta 0.500  recon  12.995  kl  22.33  val recon  41.553  val acc 0.504  active 32/32  108.6s
epoch 107  beta 0.500  recon  13.005  kl  22.26  val recon  41.627  val acc 0.504  active 32/32  110.5s
epoch 108  beta 0.500  recon  12.980  kl  22.15  val recon  41.823  val acc 0.503  active 32/32  110.0s
epoch 109  beta 0.500  recon  12.966  kl  22.11  val recon  41.586  val acc 0.504  active 32/32  108.4s
epoch 110  beta 0.500  recon  12.969  kl  22.11  val recon  41.782  val acc 0.503  active 32/32  110.5s
epoch 111  beta 0.500  recon  12.987  kl  22.07  val recon  41.598  val acc 0.504  active 32/32  141.7s
epoch 112  beta 0.500  recon  12.958  kl  22.03  val recon  41.749  val acc 0.504  active 32/32  125.7s
epoch 113  beta 0.500  recon  12.941  kl  22.04  val recon  41.668  val acc 0.504  active 32/32  163.0s
epoch 114  beta 0.500  recon  12.921  kl  21.98  val recon  41.742  val acc 0.504  active 32/32  114.1s
epoch 115  beta 0.500  recon  12.922  kl  21.96  val recon  41.742  val acc 0.504  active 32/32  111.3s
epoch 116  beta 0.500  recon  12.918  kl  21.99  val recon  41.686  val acc 0.504  active 32/32  110.7s
epoch 117  beta 0.500  recon  12.932  kl  21.98  val recon  41.717  val acc 0.503  active 32/32  111.0s
epoch 118  beta 0.500  recon  12.898  kl  21.97  val recon  41.703  val acc 0.504  active 32/32  164.5s
epoch 119  beta 0.500  recon  12.924  kl  21.97  val recon  41.709  val acc 0.503  active 32/32  113.2s
epoch 120  beta 0.500  recon  12.917  kl  21.97  val recon  41.707  val acc 0.503  active 32/32  113.7s
wrote metadata stub to checkpoint/model.json
best validation objective 52.444, checkpoint in checkpoint
fitted aggregate posterior over 20000 sequences
